// Jest Snapshot v1, https://goo.gl/fbAQLP

exports[`renders 1`] = `
<DocumentFragment>
  <div>
    <h1>
      Hashicorp Humans
    </h1>
    <span
      class="undefined undefined"
    >
      Find a HashiCorp human
    </span>
    <div
      role="search"
    >
      <div>
        <img
          alt="search"
          src="[object Object]"
        />
      </div>
      <div>
        <input
          placeholder="Search people by name"
          type="search"
        />
      </div>
    </div>
    <div
      class="undefined undefined"
    >
      <label>
        <div
          class="undefined"
        >
          <div>
            <div>
              <input
                type="checkbox"
              />
              <span
                class="undefined null"
              />
              <span>
                Hide people missing a profile image
              </span>
            </div>
          </div>
        </div>
      </label>
    </div>
  </div>
</DocumentFragment>
`;
